// Jest Snapshot v1, https://goo.gl/fbAQLP

exports[`Snapshot - Graph Component should match snapshot 1`] = `
<div
  id="graphId-graph-wrapper"
>
  <svg
    style={
      Object {
        "height": 600,
        "width": 600,
      }
    }
  >
    <g
      id="graphId-graph-container-zoomable"
    >
      <path
        className="link"
        d="M40,200A0,0 0 0,1 140,20"
        onClick={[Function]}
        onMouseOut={[Function]}
        onMouseOver={[Function]}
        style={
          Object {
            "fill": "none",
            "opacity": 1,
            "stroke": "#d3d3d3",
            "strokeWidth": 1.5,
          }
        }
        x1="40"
        x2="140"
        y1="200"
        y2="20"
      />
      <path
        className="link"
        d="M40,200A0,0 0 0,1 20,110"
        onClick={[Function]}
        onMouseOut={[Function]}
        onMouseOver={[Function]}
        style={
          Object {
            "fill": "none",
            "opacity": 1,
            "stroke": "#d3d3d3",
            "strokeWidth": 1.5,
          }
        }
        x1="40"
        x2="20"
        y1="200"
        y2="110"
      />
      <path
        className="link"
        d="M30,184A0,0 0 0,1 305,745"
        onClick={[Function]}
        onMouseOut={[Function]}
        onMouseOver={[Function]}
        style={
          Object {
            "fill": "none",
            "opacity": 1,
            "stroke": "#d3d3d3",
            "strokeWidth": 1.5,
          }
        }
        x1="30"
        x2="305"
        y1="184"
        y2="745"
      />
      <path
        className="link"
        d="M200,300A0,0 0 0,1 305,745"
        onClick={[Function]}
        onMouseOut={[Function]}
        onMouseOver={[Function]}
        style={
          Object {
            "fill": "none",
            "opacity": 1,
            "stroke": "#d3d3d3",
            "strokeWidth": 1.5,
          }
        }
        x1="200"
        x2="305"
        y1="300"
        y2="745"
      />
      <path
        className="link"
        d="M120,270A0,0 0 0,1 305,745"
        onClick={[Function]}
        onMouseOut={[Function]}
        onMouseOver={[Function]}
        style={
          Object {
            "fill": "none",
            "opacity": 1,
            "stroke": "#d3d3d3",
            "strokeWidth": 1.5,
          }
        }
        x1="120"
        x2="305"
        y1="270"
        y2="745"
      />
      <path
        className="link"
        d="M20,110A0,0 0 0,1 305,745"
        onClick={[Function]}
        onMouseOut={[Function]}
        onMouseOver={[Function]}
        style={
          Object {
            "fill": "none",
            "opacity": 1,
            "stroke": "#d3d3d3",
            "strokeWidth": 1.5,
          }
        }
        x1="20"
        x2="305"
        y1="110"
        y2="745"
      />
      <path
        className="link"
        d="M190,609A0,0 0 0,1 305,745"
        onClick={[Function]}
        onMouseOut={[Function]}
        onMouseOver={[Function]}
        style={
          Object {
            "fill": "none",
            "opacity": 1,
            "stroke": "#d3d3d3",
            "strokeWidth": 1.5,
          }
        }
        x1="190"
        x2="305"
        y1="609"
        y2="745"
      />
      <path
        className="link"
        d="M40,200A0,0 0 0,1 101,201"
        onClick={[Function]}
        onMouseOut={[Function]}
        onMouseOver={[Function]}
        style={
          Object {
            "fill": "none",
            "opacity": 1,
            "stroke": "#d3d3d3",
            "strokeWidth": 1.5,
          }
        }
        x1="40"
        x2="101"
        y1="200"
        y2="201"
      />
      <path
        className="link"
        d="M40,200A0,0 0 0,1 2,200"
        onClick={[Function]}
        onMouseOut={[Function]}
        onMouseOver={[Function]}
        style={
          Object {
            "fill": "none",
            "opacity": 1,
            "stroke": "#d3d3d3",
            "strokeWidth": 1.5,
          }
        }
        x1="40"
        x2="2"
        y1="200"
        y2="200"
      />
      <path
        className="link"
        d="M404,404A0,0 0 0,1 14,30"
        onClick={[Function]}
        onMouseOut={[Function]}
        onMouseOver={[Function]}
        style={
          Object {
            "fill": "none",
            "opacity": 1,
            "stroke": "#d3d3d3",
            "strokeWidth": 1.5,
          }
        }
        x1="404"
        x2="14"
        y1="404"
        y2="30"
      />
      <path
        className="link"
        d="M305,745A0,0 0 0,1 20,110"
        onClick={[Function]}
        onMouseOut={[Function]}
        onMouseOver={[Function]}
        style={
          Object {
            "fill": "none",
            "opacity": 1,
            "stroke": "#d3d3d3",
            "strokeWidth": 1.5,
          }
        }
        x1="305"
        x2="20"
        y1="745"
        y2="110"
      />
      <path
        className="link"
        d="M40,200A0,0 0 0,1 14,250"
        onClick={[Function]}
        onMouseOut={[Function]}
        onMouseOver={[Function]}
        style={
          Object {
            "fill": "none",
            "opacity": 1,
            "stroke": "#d3d3d3",
            "strokeWidth": 1.5,
          }
        }
        x1="40"
        x2="14"
        y1="200"
        y2="250"
      />
      <path
        className="link"
        d="M30,184A0,0 0 0,1 190,609"
        onClick={[Function]}
        onMouseOut={[Function]}
        onMouseOver={[Function]}
        style={
          Object {
            "fill": "none",
            "opacity": 1,
            "stroke": "#d3d3d3",
            "strokeWidth": 1.5,
          }
        }
        x1="30"
        x2="190"
        y1="184"
        y2="609"
      />
      <path
        className="link"
        d="M14,259A0,0 0 0,1 190,609"
        onClick={[Function]}
        onMouseOut={[Function]}
        onMouseOver={[Function]}
        style={
          Object {
            "fill": "none",
            "opacity": 1,
            "stroke": "#d3d3d3",
            "strokeWidth": 1.5,
          }
        }
        x1="14"
        x2="190"
        y1="259"
        y2="609"
      />
      <path
        className="link"
        d="M409,500A0,0 0 0,1 190,609"
        onClick={[Function]}
        onMouseOut={[Function]}
        onMouseOver={[Function]}
        style={
          Object {
            "fill": "none",
            "opacity": 1,
            "stroke": "#d3d3d3",
            "strokeWidth": 1.5,
          }
        }
        x1="409"
        x2="190"
        y1="500"
        y2="609"
      />
      <path
        className="link"
        d="M520,123A0,0 0 0,1 14,259"
        onClick={[Function]}
        onMouseOut={[Function]}
        onMouseOver={[Function]}
        style={
          Object {
            "fill": "none",
            "opacity": 1,
            "stroke": "#d3d3d3",
            "strokeWidth": 1.5,
          }
        }
        x1="520"
        x2="14"
        y1="123"
        y2="259"
      />
      <path
        className="link"
        d="M190,609A0,0 0 0,1 14,259"
        onClick={[Function]}
        onMouseOut={[Function]}
        onMouseOver={[Function]}
        style={
          Object {
            "fill": "none",
            "opacity": 1,
            "stroke": "#d3d3d3",
            "strokeWidth": 1.5,
          }
        }
        x1="190"
        x2="14"
        y1="609"
        y2="259"
      />
      <path
        className="link"
        d="M305,745A0,0 0 0,1 120,270"
        onClick={[Function]}
        onMouseOut={[Function]}
        onMouseOver={[Function]}
        style={
          Object {
            "fill": "none",
            "opacity": 1,
            "stroke": "#d3d3d3",
            "strokeWidth": 1.5,
          }
        }
        x1="305"
        x2="120"
        y1="745"
        y2="270"
      />
      <path
        className="link"
        d="M14,20A0,0 0 0,1 120,270"
        onClick={[Function]}
        onMouseOut={[Function]}
        onMouseOver={[Function]}
        style={
          Object {
            "fill": "none",
            "opacity": 1,
            "stroke": "#d3d3d3",
            "strokeWidth": 1.5,
          }
        }
        x1="14"
        x2="120"
        y1="20"
        y2="270"
      />
      <path
        className="link"
        d="M305,745A0,0 0 0,1 200,300"
        onClick={[Function]}
        onMouseOut={[Function]}
        onMouseOver={[Function]}
        style={
          Object {
            "fill": "none",
            "opacity": 1,
            "stroke": "#d3d3d3",
            "strokeWidth": 1.5,
          }
        }
        x1="305"
        x2="200"
        y1="745"
        y2="300"
      />
      <path
        className="link"
        d="M40,200A0,0 0 0,1 200,300"
        onClick={[Function]}
        onMouseOut={[Function]}
        onMouseOver={[Function]}
        style={
          Object {
            "fill": "none",
            "opacity": 1,
            "stroke": "#d3d3d3",
            "strokeWidth": 1.5,
          }
        }
        x1="40"
        x2="200"
        y1="200"
        y2="300"
      />
      <path
        className="link"
        d="M200,300A0,0 0 0,1 40,200"
        onClick={[Function]}
        onMouseOut={[Function]}
        onMouseOver={[Function]}
        style={
          Object {
            "fill": "none",
            "opacity": 1,
            "stroke": "#d3d3d3",
            "strokeWidth": 1.5,
          }
        }
        x1="200"
        x2="40"
        y1="300"
        y2="200"
      />
      <path
        className="link"
        d="M20,1A0,0 0 0,1 90,90"
        onClick={[Function]}
        onMouseOut={[Function]}
        onMouseOver={[Function]}
        style={
          Object {
            "fill": "none",
            "opacity": 1,
            "stroke": "#d3d3d3",
            "strokeWidth": 1.5,
          }
        }
        x1="20"
        x2="90"
        y1="1"
        y2="90"
      />
      <path
        className="link"
        d="M90,656A0,0 0 0,1 90,90"
        onClick={[Function]}
        onMouseOut={[Function]}
        onMouseOver={[Function]}
        style={
          Object {
            "fill": "none",
            "opacity": 1,
            "stroke": "#d3d3d3",
            "strokeWidth": 1.5,
          }
        }
        x1="90"
        x2="90"
        y1="656"
        y2="90"
      />
      <path
        className="link"
        d="M190,609A0,0 0 0,1 30,184"
        onClick={[Function]}
        onMouseOut={[Function]}
        onMouseOver={[Function]}
        style={
          Object {
            "fill": "none",
            "opacity": 1,
            "stroke": "#d3d3d3",
            "strokeWidth": 1.5,
          }
        }
        x1="190"
        x2="30"
        y1="609"
        y2="184"
      />
      <path
        className="link"
        d="M305,745A0,0 0 0,1 30,184"
        onClick={[Function]}
        onMouseOut={[Function]}
        onMouseOver={[Function]}
        style={
          Object {
            "fill": "none",
            "opacity": 1,
            "stroke": "#d3d3d3",
            "strokeWidth": 1.5,
          }
        }
        x1="305"
        x2="30"
        y1="745"
        y2="184"
      />
      <path
        className="link"
        d="M190,609A0,0 0 0,1 409,500"
        onClick={[Function]}
        onMouseOut={[Function]}
        onMouseOver={[Function]}
        style={
          Object {
            "fill": "none",
            "opacity": 1,
            "stroke": "#d3d3d3",
            "strokeWidth": 1.5,
          }
        }
        x1="190"
        x2="409"
        y1="609"
        y2="500"
      />
      <path
        className="link"
        d="M120,270A0,0 0 0,1 14,20"
        onClick={[Function]}
        onMouseOut={[Function]}
        onMouseOver={[Function]}
        style={
          Object {
            "fill": "none",
            "opacity": 1,
            "stroke": "#d3d3d3",
            "strokeWidth": 1.5,
          }
        }
        x1="120"
        x2="14"
        y1="270"
        y2="20"
      />
      <g
        className="node"
        cx="40"
        cy="200"
        id="Harry"
        transform="translate(40,200)"
      >
        <path
          cursor="pointer"
          d="M5.641895835477563,0A5.641895835477563,5.641895835477563,0,1,1,-5.641895835477563,0A5.641895835477563,5.641895835477563,0,1,1,5.641895835477563,0"
          fill="red"
          onClick={[Function]}
          onMouseOut={[Function]}
          onMouseOver={[Function]}
          opacity={1}
          stroke="none"
          strokeWidth={1.5}
        />
        <text
          dx={10.5}
          dy=".35em"
          fill="black"
          fontSize={8}
          fontWeight="normal"
          opacity={1}
        >
          Harry
        </text>
      </g>
      <g
        className="node"
        cx="140"
        cy="20"
        id="Sally"
        transform="translate(140,20)"
      >
        <path
          cursor="pointer"
          d="M5.641895835477563,0A5.641895835477563,5.641895835477563,0,1,1,-5.641895835477563,0A5.641895835477563,5.641895835477563,0,1,1,5.641895835477563,0"
          fill="red"
          onClick={[Function]}
          onMouseOut={[Function]}
          onMouseOver={[Function]}
          opacity={1}
          stroke="none"
          strokeWidth={1.5}
        />
        <text
          dx={10.5}
          dy=".35em"
          fill="black"
          fontSize={8}
          fontWeight="normal"
          opacity={1}
        >
          Sally
        </text>
      </g>
      <g
        className="node"
        cx="20"
        cy="110"
        id="Mario"
        transform="translate(20,110)"
      >
        <path
          cursor="pointer"
          d="M5.641895835477563,0A5.641895835477563,5.641895835477563,0,1,1,-5.641895835477563,0A5.641895835477563,5.641895835477563,0,1,1,5.641895835477563,0"
          fill="red"
          onClick={[Function]}
          onMouseOut={[Function]}
          onMouseOver={[Function]}
          opacity={1}
          stroke="none"
          strokeWidth={1.5}
        />
        <text
          dx={10.5}
          dy=".35em"
          fill="black"
          fontSize={8}
          fontWeight="normal"
          opacity={1}
        >
          Mario
        </text>
      </g>
      <g
        className="node"
        cx="30"
        cy="184"
        id="Sarah"
        transform="translate(30,184)"
      >
        <path
          cursor="pointer"
          d="M5.641895835477563,0A5.641895835477563,5.641895835477563,0,1,1,-5.641895835477563,0A5.641895835477563,5.641895835477563,0,1,1,5.641895835477563,0"
          fill="red"
          onClick={[Function]}
          onMouseOut={[Function]}
          onMouseOver={[Function]}
          opacity={1}
          stroke="none"
          strokeWidth={1.5}
        />
        <text
          dx={10.5}
          dy=".35em"
          fill="black"
          fontSize={8}
          fontWeight="normal"
          opacity={1}
        >
          Sarah
        </text>
      </g>
      <g
        className="node"
        cx="305"
        cy="745"
        id="Alice"
        transform="translate(305,745)"
      >
        <path
          cursor="pointer"
          d="M5.641895835477563,0A5.641895835477563,5.641895835477563,0,1,1,-5.641895835477563,0A5.641895835477563,5.641895835477563,0,1,1,5.641895835477563,0"
          fill="red"
          onClick={[Function]}
          onMouseOut={[Function]}
          onMouseOver={[Function]}
          opacity={1}
          stroke="none"
          strokeWidth={1.5}
        />
        <text
          dx={10.5}
          dy=".35em"
          fill="black"
          fontSize={8}
          fontWeight="normal"
          opacity={1}
        >
          Alice
        </text>
      </g>
      <g
        className="node"
        cx="200"
        cy="300"
        id="Eveie"
        transform="translate(200,300)"
      >
        <path
          cursor="pointer"
          d="M5.641895835477563,0A5.641895835477563,5.641895835477563,0,1,1,-5.641895835477563,0A5.641895835477563,5.641895835477563,0,1,1,5.641895835477563,0"
          fill="red"
          onClick={[Function]}
          onMouseOut={[Function]}
          onMouseOver={[Function]}
          opacity={1}
          stroke="none"
          strokeWidth={1.5}
        />
        <text
          dx={10.5}
          dy=".35em"
          fill="black"
          fontSize={8}
          fontWeight="normal"
          opacity={1}
        >
          Eveie
        </text>
      </g>
      <g
        className="node"
        cx="120"
        cy="270"
        id="Peter"
        transform="translate(120,270)"
      >
        <path
          cursor="pointer"
          d="M5.641895835477563,0A5.641895835477563,5.641895835477563,0,1,1,-5.641895835477563,0A5.641895835477563,5.641895835477563,0,1,1,5.641895835477563,0"
          fill="red"
          onClick={[Function]}
          onMouseOut={[Function]}
          onMouseOver={[Function]}
          opacity={1}
          stroke="none"
          strokeWidth={1.5}
        />
        <text
          dx={10.5}
          dy=".35em"
          fill="black"
          fontSize={8}
          fontWeight="normal"
          opacity={1}
        >
          Peter
        </text>
      </g>
      <g
        className="node"
        cx="190"
        cy="609"
        id="James"
        transform="translate(190,609)"
      >
        <path
          cursor="pointer"
          d="M5.641895835477563,0A5.641895835477563,5.641895835477563,0,1,1,-5.641895835477563,0A5.641895835477563,5.641895835477563,0,1,1,5.641895835477563,0"
          fill="red"
          onClick={[Function]}
          onMouseOut={[Function]}
          onMouseOver={[Function]}
          opacity={1}
          stroke="none"
          strokeWidth={1.5}
        />
        <text
          dx={10.5}
          dy=".35em"
          fill="black"
          fontSize={8}
          fontWeight="normal"
          opacity={1}
        >
          James
        </text>
      </g>
      <g
        className="node"
        cx="101"
        cy="201"
        id="Carol"
        transform="translate(101,201)"
      >
        <path
          cursor="pointer"
          d="M5.641895835477563,0A5.641895835477563,5.641895835477563,0,1,1,-5.641895835477563,0A5.641895835477563,5.641895835477563,0,1,1,5.641895835477563,0"
          fill="red"
          onClick={[Function]}
          onMouseOut={[Function]}
          onMouseOver={[Function]}
          opacity={1}
          stroke="none"
          strokeWidth={1.5}
        />
        <text
          dx={10.5}
          dy=".35em"
          fill="black"
          fontSize={8}
          fontWeight="normal"
          opacity={1}
        >
          Carol
        </text>
      </g>
      <g
        className="node"
        cx="2"
        cy="200"
        id="Nicky"
        transform="translate(2,200)"
      >
        <path
          cursor="pointer"
          d="M5.641895835477563,0A5.641895835477563,5.641895835477563,0,1,1,-5.641895835477563,0A5.641895835477563,5.641895835477563,0,1,1,5.641895835477563,0"
          fill="red"
          onClick={[Function]}
          onMouseOut={[Function]}
          onMouseOver={[Function]}
          opacity={1}
          stroke="none"
          strokeWidth={1.5}
        />
        <text
          dx={10.5}
          dy=".35em"
          fill="black"
          fontSize={8}
          fontWeight="normal"
          opacity={1}
        >
          Nicky
        </text>
      </g>
      <g
        className="node"
        cx="404"
        cy="404"
        id="Bobby"
        transform="translate(404,404)"
      >
        <path
          cursor="pointer"
          d="M5.641895835477563,0A5.641895835477563,5.641895835477563,0,1,1,-5.641895835477563,0A5.641895835477563,5.641895835477563,0,1,1,5.641895835477563,0"
          fill="red"
          onClick={[Function]}
          onMouseOut={[Function]}
          onMouseOver={[Function]}
          opacity={1}
          stroke="none"
          strokeWidth={1.5}
        />
        <text
          dx={10.5}
          dy=".35em"
          fill="black"
          fontSize={8}
          fontWeight="normal"
          opacity={1}
        >
          Bobby
        </text>
      </g>
      <g
        className="node"
        cx="14"
        cy="30"
        id="Frank"
        transform="translate(14,30)"
      >
        <path
          cursor="pointer"
          d="M5.641895835477563,0A5.641895835477563,5.641895835477563,0,1,1,-5.641895835477563,0A5.641895835477563,5.641895835477563,0,1,1,5.641895835477563,0"
          fill="red"
          onClick={[Function]}
          onMouseOut={[Function]}
          onMouseOver={[Function]}
          opacity={1}
          stroke="none"
          strokeWidth={1.5}
        />
        <text
          dx={10.5}
          dy=".35em"
          fill="black"
          fontSize={8}
          fontWeight="normal"
          opacity={1}
        >
          Frank
        </text>
      </g>
      <g
        className="node"
        cx="14"
        cy="250"
        id="Lynne"
        transform="translate(14,250)"
      >
        <path
          cursor="pointer"
          d="M5.641895835477563,0A5.641895835477563,5.641895835477563,0,1,1,-5.641895835477563,0A5.641895835477563,5.641895835477563,0,1,1,5.641895835477563,0"
          fill="red"
          onClick={[Function]}
          onMouseOut={[Function]}
          onMouseOver={[Function]}
          opacity={1}
          stroke="none"
          strokeWidth={1.5}
        />
        <text
          dx={10.5}
          dy=".35em"
          fill="black"
          fontSize={8}
          fontWeight="normal"
          opacity={1}
        >
          Lynne
        </text>
      </g>
      <g
        className="node"
        cx="14"
        cy="259"
        id="Roger"
        transform="translate(14,259)"
      >
        <path
          cursor="pointer"
          d="M5.641895835477563,0A5.641895835477563,5.641895835477563,0,1,1,-5.641895835477563,0A5.641895835477563,5.641895835477563,0,1,1,5.641895835477563,0"
          fill="red"
          onClick={[Function]}
          onMouseOut={[Function]}
          onMouseOver={[Function]}
          opacity={1}
          stroke="none"
          strokeWidth={1.5}
        />
        <text
          dx={10.5}
          dy=".35em"
          fill="black"
          fontSize={8}
          fontWeight="normal"
          opacity={1}
        >
          Roger
        </text>
      </g>
      <g
        className="node"
        cx="409"
        cy="500"
        id="Maddy"
        transform="translate(409,500)"
      >
        <path
          cursor="pointer"
          d="M5.641895835477563,0A5.641895835477563,5.641895835477563,0,1,1,-5.641895835477563,0A5.641895835477563,5.641895835477563,0,1,1,5.641895835477563,0"
          fill="red"
          onClick={[Function]}
          onMouseOut={[Function]}
          onMouseOver={[Function]}
          opacity={1}
          stroke="none"
          strokeWidth={1.5}
        />
        <text
          dx={10.5}
          dy=".35em"
          fill="black"
          fontSize={8}
          fontWeight="normal"
          opacity={1}
        >
          Maddy
        </text>
      </g>
      <g
        className="node"
        cx="520"
        cy="123"
        id="Sonny"
        transform="translate(520,123)"
      >
        <path
          cursor="pointer"
          d="M5.641895835477563,0A5.641895835477563,5.641895835477563,0,1,1,-5.641895835477563,0A5.641895835477563,5.641895835477563,0,1,1,5.641895835477563,0"
          fill="red"
          onClick={[Function]}
          onMouseOut={[Function]}
          onMouseOver={[Function]}
          opacity={1}
          stroke="none"
          strokeWidth={1.5}
        />
        <text
          dx={10.5}
          dy=".35em"
          fill="black"
          fontSize={8}
          fontWeight="normal"
          opacity={1}
        >
          Sonny
        </text>
      </g>
      <g
        className="node"
        cx="14"
        cy="20"
        id="Johan"
        transform="translate(14,20)"
      >
        <path
          cursor="pointer"
          d="M5.641895835477563,0A5.641895835477563,5.641895835477563,0,1,1,-5.641895835477563,0A5.641895835477563,5.641895835477563,0,1,1,5.641895835477563,0"
          fill="red"
          onClick={[Function]}
          onMouseOut={[Function]}
          onMouseOver={[Function]}
          opacity={1}
          stroke="none"
          strokeWidth={1.5}
        />
        <text
          dx={10.5}
          dy=".35em"
          fill="black"
          fontSize={8}
          fontWeight="normal"
          opacity={1}
        >
          Johan
        </text>
      </g>
      <g
        className="node"
        cx="20"
        cy="1"
        id="Henry"
        transform="translate(20,1)"
      >
        <path
          cursor="pointer"
          d="M5.641895835477563,0A5.641895835477563,5.641895835477563,0,1,1,-5.641895835477563,0A5.641895835477563,5.641895835477563,0,1,1,5.641895835477563,0"
          fill="red"
          onClick={[Function]}
          onMouseOut={[Function]}
          onMouseOver={[Function]}
          opacity={1}
          stroke="none"
          strokeWidth={1.5}
        />
        <text
          dx={10.5}
          dy=".35em"
          fill="black"
          fontSize={8}
          fontWeight="normal"
          opacity={1}
        >
          Henry
        </text>
      </g>
      <g
        className="node"
        cx="90"
        cy="90"
        id="Mikey"
        transform="translate(90,90)"
      >
        <path
          cursor="pointer"
          d="M5.641895835477563,0A5.641895835477563,5.641895835477563,0,1,1,-5.641895835477563,0A5.641895835477563,5.641895835477563,0,1,1,5.641895835477563,0"
          fill="red"
          onClick={[Function]}
          onMouseOut={[Function]}
          onMouseOver={[Function]}
          opacity={1}
          stroke="none"
          strokeWidth={1.5}
        />
        <text
          dx={10.5}
          dy=".35em"
          fill="black"
          fontSize={8}
          fontWeight="normal"
          opacity={1}
        >
          Mikey
        </text>
      </g>
      <g
        className="node"
        cx="90"
        cy="656"
        id="Elric"
        transform="translate(90,656)"
      >
        <path
          cursor="pointer"
          d="M5.641895835477563,0A5.641895835477563,5.641895835477563,0,1,1,-5.641895835477563,0A5.641895835477563,5.641895835477563,0,1,1,5.641895835477563,0"
          fill="red"
          onClick={[Function]}
          onMouseOut={[Function]}
          onMouseOver={[Function]}
          opacity={1}
          stroke="none"
          strokeWidth={1.5}
        />
        <text
          dx={10.5}
          dy=".35em"
          fill="black"
          fontSize={8}
          fontWeight="normal"
          opacity={1}
        >
          Elric
        </text>
      </g>
    </g>
  </svg>
</div>
`;
